This is XeTeX, Version 3.141592653-2.6-0.999996 (TeX Live 2024) (preloaded format=xelatex 2025.2.12)  30 NOV 2025 15:53
entering extended mode
 restricted \write18 enabled.
 %&-line parsing enabled.
**Nuclotron.tex
(./Nuclotron.tex
LaTeX2e <2024-11-01> patch level 2
L3 programming layer <2025-01-18>
(./nst.cls
Document Class: nst 2013/09/23 v1.0 Nuclear Science and Techniques magazine cla
ss
(c:/texlive/2024/texmf-dist/tex/latex/revtex4-1/revtex4-1.cls
Document Class: revtex4-1 2020/09/30 4.1s (http://publish.aps.org/revtex4/ for 
documentation)
 Copyright (c) 2009 The American Physical Society.
 mailto:revtex@aps.org
 Licensed under the LPPL:
http://www.ctan.org/tex-archive/macros/latex/base/lppl.txt
 Arthur Ogawa <arthur_ogawa at sbcglobal dot net>
 Based on work by David Carlisle <david at dcarlisle.demon.co.uk>.
ltxutil[2020/09/30 4.1s utilities package (portions licensed from W. E. Baxter 
web at superscript.com)]
LaTeX Info: Redefining \@centercr on input line 346.
Class revtex4-1 Info: Repairing hyperref-unfriendly LaTeX definition of \mpfoot
note on input line 471.
Class revtex4-1 Info: Repairing broken LateX \@sect on input line 793.
\intertabularlinepenalty=\count192
\@tbpen=\count193
\@arstrutbox@hline=\box52
Class revtex4-1 Info: Repairing broken LaTeX \@xbitor on input line 1824.
Class revtex4-1 Info: Making \typeout \long on input line 2089.
ltxfront[2020/09/30 4.1s frontmatter package (AO,DPC)]
\c@affil=\count194
\c@collab=\count195
\absbox=\box53
ltxgrid[2020/09/30 4.1s page grid package (portions licensed from W. E. Baxter 
web at superscript.com)]
\c@linecount=\count196
\output@latex=\toks17
\box@size@1=\box54
\box@size@2=\box55
\@protection@box=\box56
\@topmark@saved=\toks18
\footins@saved=\box57
\footins@recovered=\box58
\column@recovered=\box59
\pagesofar=\box60
\footsofar=\box61
\pagegrid@col=\count197
Class revtex4-1 Info: Overriding \@vspace, \@vspacer, \@no@pgbk, \@newline, and
 \\  on input line 5655.
\c@part=\count198
\c@section=\count199
\c@subsection=\count266
\c@subsubsection=\count267
\c@paragraph=\count268
\c@subparagraph=\count269
\abovecaptionskip=\skip49
\belowcaptionskip=\skip50
\c@figure=\count270
\fbox@1=\box62
\c@table=\count271
\fbox@2=\box63
\c@video=\count272
\fbox@4=\box64
\@bibdataout=\write3
\widetext@top=\box65
\widetext@bot=\box66
Class revtex4-1 Info: Selecting society aps on input line 7616.
(c:/texlive/2024/texmf-dist/tex/latex/revtex4-1/aps4-1.rtx
File: aps4-1 2020/09/30 4.1s (http://publish.aps.org/revtex4/ for documentation
)
Class revtex4-1 Info: RevTeX society APS selected on input line 31.
)
Class revtex4-1 Info: Selecting journal prc on input line 7618.
Class revtex4-1 Info: APS journal PRC selected on input line 7619.

(c:/texlive/2024/texmf-dist/tex/latex/revtex4-1/aps10pt4-1.rtx
File: aps10pt4-1 2020/09/30 4.1s (http://publish.aps.org/revtex4/ for documenta
tion)
Class revtex4-1 Info: RevTeX pointsize 10pt selected on input line 30.
)
(c:/texlive/2024/texmf-dist/tex/latex/textcase/textcase.sty
Package: textcase 2023/07/27 v1.04 Text only upper/lower case changing (DPC)
Package textcase Info: Defining Legacy names on input line 20.
)
(c:/texlive/2024/texmf-dist/tex/latex/amsfonts/amsfonts.sty
Package: amsfonts 2013/01/14 v3.01 Basic AMSFonts support
\@emptytoks=\toks19
\symAMSa=\mathgroup4
\symAMSb=\mathgroup5
LaTeX Font Info:    Redeclaring math symbol \hbar on input line 98.
LaTeX Font Info:    Overwriting math alphabet `\mathfrak' in version `bold'
(Font)                  U/euf/m/n --> U/euf/b/n on input line 106.
)
(c:/texlive/2024/texmf-dist/tex/latex/amsfonts/amssymb.sty
Package: amssymb 2013/01/14 v3.01 AMS font symbols
)
(c:/texlive/2024/texmf-dist/tex/latex/amsmath/amsmath.sty
Package: amsmath 2024/11/05 v2.17t AMS math features
\@mathmargin=\skip51

For additional information on amsmath, use the `?' option.
(c:/texlive/2024/texmf-dist/tex/latex/amsmath/amstext.sty
Package: amstext 2021/08/26 v2.01 AMS text

(c:/texlive/2024/texmf-dist/tex/latex/amsmath/amsgen.sty
File: amsgen.sty 1999/11/30 v2.0 generic functions
\@emptytoks=\toks20
\ex@=\dimen141
)
LaTeX Info: Redefining \text on input line 28.
)
(c:/texlive/2024/texmf-dist/tex/latex/amsmath/amsbsy.sty
Package: amsbsy 1999/11/29 v1.2d Bold Symbols
\pmbraise@=\dimen142
)
(c:/texlive/2024/texmf-dist/tex/latex/amsmath/amsopn.sty
Package: amsopn 2022/04/08 v2.04 operator names
)
\inf@bad=\count273
LaTeX Info: Redefining \frac on input line 233.
\uproot@=\count274
\leftroot@=\count275
LaTeX Info: Redefining \overline on input line 398.
LaTeX Info: Redefining \colon on input line 409.
\classnum@=\count276
\DOTSCASE@=\count277
LaTeX Info: Redefining \ldots on input line 495.
LaTeX Info: Redefining \dots on input line 498.
LaTeX Info: Redefining \cdots on input line 619.
\Mathstrutbox@=\box67
\strutbox@=\box68
LaTeX Info: Redefining \big on input line 721.
LaTeX Info: Redefining \Big on input line 722.
LaTeX Info: Redefining \bigg on input line 723.
LaTeX Info: Redefining \Bigg on input line 724.
\big@size=\dimen143
LaTeX Font Info:    Redeclaring font encoding OML on input line 742.
LaTeX Font Info:    Redeclaring font encoding OMS on input line 743.
\macc@depth=\count278
LaTeX Info: Redefining \bmod on input line 904.
LaTeX Info: Redefining \pmod on input line 909.
LaTeX Info: Redefining \smash on input line 939.
LaTeX Info: Redefining \relbar on input line 969.
LaTeX Info: Redefining \Relbar on input line 970.
\c@MaxMatrixCols=\count279
\dotsspace@=\muskip17
\c@parentequation=\count280
\dspbrk@lvl=\count281
\tag@help=\toks21
\row@=\count282
\column@=\count283
\maxfields@=\count284
\andhelp@=\toks22
\eqnshift@=\dimen144
\alignsep@=\dimen145
\tagshift@=\dimen146
\tagwidth@=\dimen147
\totwidth@=\dimen148
\lineht@=\dimen149
\@envbody=\toks23
\multlinegap=\skip52
\multlinetaggap=\skip53
\mathdisplay@stack=\toks24
LaTeX Info: Redefining \[ on input line 2953.
LaTeX Info: Redefining \] on input line 2954.
)
(c:/texlive/2024/texmf-dist/tex/latex/url/url.sty
\Urlmuskip=\muskip18
Package: url 2013/09/16  ver 3.4  Verb mode for urls, etc.
)
(c:/texlive/2024/texmf-dist/tex/latex/natbib/natbib.sty
Package: natbib 2010/09/13 8.31b (PWD, AO)
\bibhang=\skip54
\bibsep=\skip55
LaTeX Info: Redefining \cite on input line 694.
\c@NAT@ctr=\count285
)
Class revtex4-1 Info: Repairing natbib's \BibitemShut on input line 7623.

(c:/texlive/2024/texmf-dist/tex/latex/revtex4-1/revsymb4-1.sty
Package: revsymb4-1 2020/09/30 4.1s (http://publish.aps.org/revtex4/ for docume
ntation)
LaTeX Info: Redefining \frak on input line 95.
LaTeX Info: Redefining \Bbb on input line 111.
LaTeX Info: Redefining \REV@mathfrak on input line 119.
))
(c:/texlive/2024/texmf-dist/tex/latex/lineno/lineno.sty
Package: lineno 2025/01/29 line numbers on paragraphs v5.4

(c:/texlive/2024/texmf-dist/tex/latex/etoolbox/etoolbox.sty
Package: etoolbox 2025/02/11 v2.5l e-TeX tools for LaTeX (JAW)
\etb@tempcnta=\count286
)
(c:/texlive/2024/texmf-dist/tex/latex/kvoptions/kvoptions.sty
Package: kvoptions 2022-06-15 v3.15 Key value format for package options (HO)

(c:/texlive/2024/texmf-dist/tex/latex/graphics/keyval.sty
Package: keyval 2022/05/29 v1.15 key=value parser (DPC)
\KV@toks@=\toks25
)
(c:/texlive/2024/texmf-dist/tex/generic/ltxcmds/ltxcmds.sty
Package: ltxcmds 2023-12-04 v1.26 LaTeX kernel commands for general use (HO)
)
(c:/texlive/2024/texmf-dist/tex/latex/kvsetkeys/kvsetkeys.sty
Package: kvsetkeys 2022-10-05 v1.19 Key value parser (HO)
))
\linenopenalty=\count287
\output=\toks26
\linenoprevgraf=\count288
\linenumbersep=\dimen150
\linenumberwidth=\dimen151
\c@linenumber=\count289
\c@pagewiselinenumber=\count290
\c@LN@truepage=\count291


Package lineno Warning: Option [displaymath] is obsolete.

\c@internallinenumber=\count292
\c@internallinenumbers=\count293
\quotelinenumbersep=\dimen152
\bframerule=\dimen153
\bframesep=\dimen154
\bframebox=\box69
\@LN@amsmath@ams@eqpen=\count294
LaTeX Info: Redefining \\ on input line 3187.
) (c:/texlive/2024/texmf-dist/tex/latex/psnfss/times.sty
Package: times 2020/03/25 PSNFSS-v9.3 (SPQR) 
)
(c:/texlive/2024/texmf-dist/tex/latex/siunitx/siunitx.sty
Package: siunitx 2025-01-21 v3.4.4 A comprehensive (SI) units package
\l__siunitx_number_uncert_offset_int=\count295
\l__siunitx_number_exponent_fixed_int=\count296
\l__siunitx_number_min_decimal_int=\count297
\l__siunitx_number_min_integer_int=\count298
\l__siunitx_number_round_precision_int=\count299
\l__siunitx_number_lower_threshold_int=\count300
\l__siunitx_number_upper_threshold_int=\count301
\l__siunitx_number_group_first_int=\count302
\l__siunitx_number_group_size_int=\count303
\l__siunitx_number_group_minimum_int=\count304
\l__siunitx_angle_tmp_dim=\dimen155
\l__siunitx_angle_marker_box=\box70
\l__siunitx_angle_unit_box=\box71
\l__siunitx_compound_count_int=\count305

(c:/texlive/2024/texmf-dist/tex/latex/translations/translations.sty
Package: translations 2022/02/05 v1.12 internationalization of LaTeX2e packages
 (CN)

(c:/texlive/2024/texmf-dist/tex/generic/pdftexcmds/pdftexcmds.sty
Package: pdftexcmds 2020-06-27 v0.33 Utility functions of pdfTeX for LuaTeX (HO
)

(c:/texlive/2024/texmf-dist/tex/generic/infwarerr/infwarerr.sty
Package: infwarerr 2019/12/03 v1.5 Providing info/warning/error messages (HO)
)
(c:/texlive/2024/texmf-dist/tex/generic/iftex/iftex.sty
Package: iftex 2024/12/12 v1.0g TeX engine tests
)
Package pdftexcmds Info: \pdf@primitive is available.
Package pdftexcmds Info: \pdf@ifprimitive is available.
Package pdftexcmds Info: \pdfdraftmode not found.
))
\l__siunitx_table_tmp_box=\box72
\l__siunitx_table_tmp_dim=\dimen156
\l__siunitx_table_column_width_dim=\dimen157
\l__siunitx_table_integer_box=\box73
\l__siunitx_table_decimal_box=\box74
\l__siunitx_table_uncert_box=\box75
\l__siunitx_table_before_box=\box76
\l__siunitx_table_after_box=\box77
\l__siunitx_table_before_dim=\dimen158
\l__siunitx_table_carry_dim=\dimen159
\l__siunitx_unit_tmp_int=\count306
\l__siunitx_unit_position_int=\count307
\l__siunitx_unit_total_int=\count308

(c:/texlive/2024/texmf-dist/tex/latex/tools/array.sty
Package: array 2024/10/17 v2.6g Tabular extension package (FMi)
\col@sep=\dimen160
\ar@mcellbox=\box78
\extrarowheight=\dimen161
\NC@list=\toks27
\extratabsurround=\skip56
\backup@length=\skip57
\ar@cellbox=\box79
))
(c:/texlive/2024/texmf-dist/tex/latex/graphics/color.sty
Package: color 2024/06/23 v1.3e Standard LaTeX Color (DPC)

(c:/texlive/2024/texmf-dist/tex/latex/graphics-cfg/color.cfg
File: color.cfg 2016/01/02 v1.6 sample color configuration
)
Package color Info: Driver file: xetex.def on input line 149.

(c:/texlive/2024/texmf-dist/tex/latex/graphics-def/xetex.def
File: xetex.def 2022/09/22 v5.0n Graphics/color driver for xetex
)
(c:/texlive/2024/texmf-dist/tex/latex/graphics/mathcolor.ltx))
(c:/texlive/2024/texmf-dist/tex/latex/booktabs/booktabs.sty
Package: booktabs 2020/01/12 v1.61803398 Publication quality tables
\heavyrulewidth=\dimen162
\lightrulewidth=\dimen163
\cmidrulewidth=\dimen164
\belowrulesep=\dimen165
\belowbottomsep=\dimen166
\aboverulesep=\dimen167
\abovetopsep=\dimen168
\cmidrulesep=\dimen169
\cmidrulekern=\dimen170
\defaultaddspace=\dimen171
\@cmidla=\count309
\@cmidlb=\count310
\@aboverulesep=\dimen172
\@belowrulesep=\dimen173
\@thisruleclass=\count311
\@lastruleclass=\count312
\@thisrulewidth=\dimen174
)
(c:/texlive/2024/texmf-dist/tex/latex/graphics/graphicx.sty
Package: graphicx 2021/09/16 v1.2d Enhanced LaTeX Graphics (DPC,SPQR)

(c:/texlive/2024/texmf-dist/tex/latex/graphics/graphics.sty
Package: graphics 2024/08/06 v1.4g Standard LaTeX Graphics (DPC,SPQR)

(c:/texlive/2024/texmf-dist/tex/latex/graphics/trig.sty
Package: trig 2023/12/02 v1.11 sin cos tan (DPC)
)
(c:/texlive/2024/texmf-dist/tex/latex/graphics-cfg/graphics.cfg
File: graphics.cfg 2016/06/04 v1.11 sample graphics configuration
)
Package graphics Info: Driver file: xetex.def on input line 106.
)
\Gin@req@height=\dimen175
\Gin@req@width=\dimen176
)
(c:/texlive/2024/texmf-dist/tex/latex/base/inputenc.sty
Package: inputenc 2024/02/08 v1.3d Input encoding file
\inpenc@prehook=\toks28
\inpenc@posthook=\toks29


Package inputenc Warning: inputenc package ignored with utf8 based engines.

) (c:/texlive/2024/texmf-dist/tex/latex/hyperref/hyperref.sty
Package: hyperref 2024-11-05 v7.01l Hypertext links for LaTeX

(c:/texlive/2024/texmf-dist/tex/generic/kvdefinekeys/kvdefinekeys.sty
Package: kvdefinekeys 2019-12-19 v1.6 Define keys (HO)
)
(c:/texlive/2024/texmf-dist/tex/generic/pdfescape/pdfescape.sty
Package: pdfescape 2019/12/09 v1.15 Implements pdfTeX's escape features (HO)
)
(c:/texlive/2024/texmf-dist/tex/latex/hycolor/hycolor.sty
Package: hycolor 2020-01-27 v1.10 Color options for hyperref/bookmark (HO)
)
(c:/texlive/2024/texmf-dist/tex/latex/hyperref/nameref.sty
Package: nameref 2023-11-26 v2.56 Cross-referencing by name of section

(c:/texlive/2024/texmf-dist/tex/latex/refcount/refcount.sty
Package: refcount 2019/12/15 v3.6 Data extraction from label references (HO)
)
(c:/texlive/2024/texmf-dist/tex/generic/gettitlestring/gettitlestring.sty
Package: gettitlestring 2019/12/15 v1.6 Cleanup title references (HO)
)

Package nameref Warning: The definition of \label has changed! 
(nameref)                Check your packages! 
(nameref)                Replacing it with the kernel definition on input line 
149.

\c@section@level=\count313
) (c:/texlive/2024/texmf-dist/tex/generic/stringenc/stringenc.sty
Package: stringenc 2019/11/29 v1.12 Convert strings between diff. encodings (HO
)
)
\@linkdim=\dimen177
\Hy@linkcounter=\count314
\Hy@pagecounter=\count315

(c:/texlive/2024/texmf-dist/tex/latex/hyperref/pd1enc.def
File: pd1enc.def 2024-11-05 v7.01l Hyperref: PDFDocEncoding definition (HO)
)
(c:/texlive/2024/texmf-dist/tex/generic/intcalc/intcalc.sty
Package: intcalc 2019/12/15 v1.3 Expandable calculations with integers (HO)
)
\Hy@SavedSpaceFactor=\count316

(c:/texlive/2024/texmf-dist/tex/latex/hyperref/puenc.def
File: puenc.def 2024-11-05 v7.01l Hyperref: PDF Unicode definition (HO)
)
Package hyperref Info: Option `colorlinks' set `true' on input line 4040.
Package hyperref Info: Hyper figures OFF on input line 4157.
Package hyperref Info: Link nesting OFF on input line 4162.
Package hyperref Info: Hyper index ON on input line 4165.
Package hyperref Info: Plain pages OFF on input line 4172.
Package hyperref Info: Backreferencing OFF on input line 4177.
Package hyperref Info: Implicit mode ON; LaTeX internals redefined.
Package hyperref Info: Bookmarks ON on input line 4424.
LaTeX Info: Redefining \href on input line 4674.
\c@Hy@tempcnt=\count317
LaTeX Info: Redefining \url on input line 4763.
\XeTeXLinkMargin=\dimen178

(c:/texlive/2024/texmf-dist/tex/generic/bitset/bitset.sty
Package: bitset 2019/12/09 v1.3 Handle bit-vector datatype (HO)

(c:/texlive/2024/texmf-dist/tex/generic/bigintcalc/bigintcalc.sty
Package: bigintcalc 2019/12/15 v1.5 Expandable calculations on big integers (HO
)
))
\Fld@menulength=\count318
\Field@Width=\dimen179
\Fld@charsize=\dimen180
Package hyperref Info: Hyper figures OFF on input line 6042.
Package hyperref Info: Link nesting OFF on input line 6047.
Package hyperref Info: Hyper index ON on input line 6050.
Package hyperref Info: backreferencing OFF on input line 6057.
Package hyperref Info: Link coloring ON on input line 6060.
Package hyperref Info: Link coloring with OCG OFF on input line 6067.
Package hyperref Info: PDF/A mode OFF on input line 6072.

(c:/texlive/2024/texmf-dist/tex/latex/base/atbegshi-ltx.sty
Package: atbegshi-ltx 2021/01/10 v1.0c Emulation of the original atbegshi
package with kernel methods
)
\Hy@abspage=\count319
\c@Item=\count320
\c@Hfootnote=\count321
)
Package hyperref Info: Driver (autodetected): hxetex.

(c:/texlive/2024/texmf-dist/tex/latex/hyperref/hxetex.def
File: hxetex.def 2024-11-05 v7.01l Hyperref driver for XeTeX
\pdfm@box=\box80
\c@Hy@AnnotLevel=\count322
\HyField@AnnotCount=\count323
\Fld@listcount=\count324
\c@bookmark@seq@number=\count325

(c:/texlive/2024/texmf-dist/tex/latex/rerunfilecheck/rerunfilecheck.sty
Package: rerunfilecheck 2022-07-10 v1.10 Rerun checks for auxiliary files (HO)

(c:/texlive/2024/texmf-dist/tex/latex/base/atveryend-ltx.sty
Package: atveryend-ltx 2020/08/19 v1.0a Emulation of the original atveryend pac
kage
with kernel methods
)
(c:/texlive/2024/texmf-dist/tex/generic/uniquecounter/uniquecounter.sty
Package: uniquecounter 2019/12/15 v1.4 Provide unlimited unique counter (HO)
)
Package uniquecounter Info: New unique counter `rerunfilecheck' on input line 2
85.
)
\Hy@SectionHShift=\skip58
)
(c:/texlive/2024/texmf-dist/tex/latex/cjk/texinput/CJKutf8.sty
Package: CJKutf8 2021/10/16 4.8.5

(c:/texlive/2024/texmf-dist/tex/generic/iftex/ifpdf.sty
Package: ifpdf 2019/10/25 v3.4 ifpdf legacy package. Use iftex instead.
)
(c:/texlive/2024/texmf-dist/tex/latex/cjk/texinput/CJK.sty
Package: CJK 2021/10/16 4.8.5

(c:/texlive/2024/texmf-dist/tex/latex/cjk/texinput/mule/MULEenc.sty
Package: MULEenc 2021/10/16 4.8.5
)
(c:/texlive/2024/texmf-dist/tex/latex/cjk/texinput/CJK.enc
File: CJK.enc 2021/10/16 4.8.5
)
\CJK@indent=\box81
)
(c:/texlive/2024/texmf-dist/tex/latex/base/fontenc.sty
Package: fontenc 2021/04/29 v2.0v Standard LaTeX package
LaTeX Font Info:    Trying to load font information for TU+ptm on input line 11
6.
LaTeX Font Info:    No file TUptm.fd. on input line 116.


LaTeX Font Warning: Font shape `TU/ptm/m/n' undefined
(Font)              using `TU/lmr/m/n' instead on input line 116.

)) (c:/texlive/2024/texmf-dist/tex/latex/geometry/geometry.sty
Package: geometry 2020/01/02 v5.9 Page Geometry

(c:/texlive/2024/texmf-dist/tex/generic/iftex/ifvtex.sty
Package: ifvtex 2019/10/25 v1.7 ifvtex legacy package. Use iftex instead.
)
\Gm@cnth=\count326
\Gm@cntv=\count327
\c@Gm@tempcnt=\count328
\Gm@bindingoffset=\dimen181
\Gm@wd@mp=\dimen182
\Gm@odd@mp=\dimen183
\Gm@even@mp=\dimen184
\Gm@layoutwidth=\dimen185
\Gm@layoutheight=\dimen186
\Gm@layouthoffset=\dimen187
\Gm@layoutvoffset=\dimen188
\Gm@dimlist=\toks30
)
\authors@nums=\count329
\title@box=\box82
\title@line=\box83
\linebox=\box84
\snapbox=\box85

(c:/texlive/2024/texmf-dist/tex/latex/fancyhdr/fancyhdr.sty
Package: fancyhdr 2025/02/07 v5.2 Extensive control of page headers and footers

\f@nch@headwidth=\skip59
\f@nch@offset@elh=\skip60
\f@nch@offset@erh=\skip61
\f@nch@offset@olh=\skip62
\f@nch@offset@orh=\skip63
\f@nch@offset@elf=\skip64
\f@nch@offset@erf=\skip65
\f@nch@offset@olf=\skip66
\f@nch@offset@orf=\skip67
\f@nch@height=\skip68
\f@nch@footalignment=\skip69
\f@nch@widthL=\skip70
\f@nch@widthC=\skip71
\f@nch@widthR=\skip72
\@temptokenb=\toks31
))
(c:/texlive/2024/texmf-dist/tex/latex/subfigure/subfigure.sty
Package: subfigure 2002/03/15 v2.1.5 subfigure package
\subfigtopskip=\skip73
\subfigcapskip=\skip74
\subfigcaptopadj=\dimen189
\subfigbottomskip=\skip75
\subfigcapmargin=\dimen190
\subfiglabelskip=\skip76
\c@subfigure=\count330
\c@lofdepth=\count331
\c@subtable=\count332
\c@lotdepth=\count333

****************************************
* Local config file subfigure.cfg used *
****************************************
(c:/texlive/2024/texmf-dist/tex/latex/subfigure/subfigure.cfg)
\subfig@top=\skip77
\subfig@bottom=\skip78
)
(c:/texlive/2024/texmf-dist/tex/latex/tools/dcolumn.sty
Package: dcolumn 2023/07/08 v1.06 decimal alignment package (DPC)
)
(c:/texlive/2024/texmf-dist/tex/latex/epstopdf-pkg/epstopdf.sty
Package: epstopdf 2020-01-24 v2.11 Conversion with epstopdf on the fly (HO)

(c:/texlive/2024/texmf-dist/tex/latex/grfext/grfext.sty
Package: grfext 2019/12/03 v1.3 Manage graphics extensions (HO)
)
(c:/texlive/2024/texmf-dist/tex/latex/epstopdf-pkg/epstopdf-base.sty
Package: epstopdf-base 2020-01-24 v2.11 Base part for package epstopdf


Package epstopdf Warning: Drivers other than `pdftex' and `luatex' are not supp
orted.

)) (c:/texlive/2024/texmf-dist/tex/latex/mhchem/mhchem.sty
Package: mhchem 2024/01/29 v4.10 for typesetting chemical formulae

(c:/texlive/2024/texmf-dist/tex/latex/l3kernel/expl3.sty
Package: expl3 2025-01-18 L3 programming layer (loader) 

(c:/texlive/2024/texmf-dist/tex/latex/l3backend/l3backend-xetex.def
File: l3backend-xetex.def 2024-05-08 L3 backend support: XeTeX
\g__graphics_track_int=\count334
\l__pdf_internal_box=\box86
\g__pdf_backend_annotation_int=\count335
\g__pdf_backend_link_int=\count336
))
(c:/texlive/2024/texmf-dist/tex/latex/l3packages/l3keys2e/l3keys2e.sty
Package: l3keys2e 2024-08-16 LaTeX2e option processing using LaTeX3 keys
)
(c:/texlive/2024/texmf-dist/tex/latex/tools/calc.sty
Package: calc 2023/07/08 v4.3 Infix arithmetic (KKT,FJ)
\calc@Acount=\count337
\calc@Bcount=\count338
\calc@Adimen=\dimen191
\calc@Bdimen=\dimen192
\calc@Askip=\skip79
\calc@Bskip=\skip80
LaTeX Info: Redefining \setlength on input line 80.
LaTeX Info: Redefining \addtolength on input line 81.
\calc@Ccount=\count339
\calc@Cskip=\skip81
)
(c:/texlive/2024/texmf-dist/tex/latex/chemgreek/chemgreek.sty
(c:/texlive/2024/texmf-dist/tex/latex/l3packages/xparse/xparse.sty
Package: xparse 2024-08-16 L3 Experimental document command parser
)
Package: chemgreek 2020/01/16 v1.1a interface for upright Greek letters for use
 in chemistry (CN)
\l__chemgreek_tmpa_int=\count340
\g__chemgreek_tmpa_int=\count341
)
\l__mhchem_ce_distanceFromLastComma_int=\count342
\__mhchem_arrow_extPgfLength_skip=\skip82
\mhchem@minispace@tmp=\skip83
\mhchem@minibackspace@tmp=\skip84
\mhchem@bondwidth=\skip85
\mhchem@bondheight=\skip86
\mhchem@smallbondwidth@tmpA=\skip87
\mhchem@smallbondwidth@tmpB=\skip88
\mhchem@smallbondwidth=\skip89
\mhchem@bondtmp@minussidebearingleft=\skip90
\mhchem@bondtmp@minussidebearingright=\skip91
\l__mhchem_option_version_int=\count343
\mhchem@option@minusmathsidebearingleft=\dimen193
\mhchem@option@minusmathsidebearingright=\dimen194
\mhchem@option@minustextsidebearingleft=\dimen195
\mhchem@option@minustextsidebearingright=\dimen196


Package mhchem Warning: You did not specify a 'version' option for the mhchem
(mhchem)                package. Please write \usepackage[version=4]{mhchem}
(mhchem)                in your preamble (or any lower number for
(mhchem)                compatibility mode), because you might get slightly
(mhchem)                different output with the same input in future versions
.

) (c:/texlive/2024/texmf-dist/tex/latex/was/upgreek.sty
Package: upgreek 2003/02/12 v2.0 (WaS)
Package upgreek Info: Using Euler Roman for upright Greek on input line 31.
\symugrf@m=\mathgroup6
LaTeX Font Info:    Overwriting symbol font `ugrf@m' in version `bold'
(Font)                  U/eur/m/n --> U/eur/b/n on input line 38.
) (./physics.sty
Package: physics 
)
(c:/texlive/2024/texmf-dist/tex/latex/listings/listings.sty
\lst@mode=\count344
\lst@gtempboxa=\box87
\lst@token=\toks32
\lst@length=\count345
\lst@currlwidth=\dimen197
\lst@column=\count346
\lst@pos=\count347
\lst@lostspace=\dimen198
\lst@width=\dimen199
\lst@newlines=\count348
\lst@lineno=\count349
\lst@maxwidth=\dimen256

(c:/texlive/2024/texmf-dist/tex/latex/listings/lstpatch.sty
File: lstpatch.sty 2024/09/23 1.10c (Carsten Heinz)
)
(c:/texlive/2024/texmf-dist/tex/latex/listings/lstmisc.sty
File: lstmisc.sty 2024/09/23 1.10c (Carsten Heinz)
\c@lstnumber=\count350
\lst@skipnumbers=\count351
\lst@framebox=\box88
)
(c:/texlive/2024/texmf-dist/tex/latex/listings/listings.cfg
File: listings.cfg 2024/09/23 1.10c listings configuration
))
Package: listings 2024/09/23 1.10c (Carsten Heinz)
Class revtex4-1 Info: Unrecognized array package. Please update this document c
lass! (Proceeding with fingers crossed.) on input line 12.
Class revtex4-1 Info: cite was not loaded (OK!) on input line 12.
Class revtex4-1 Info: mcite was not loaded (OK!) on input line 12.
Class revtex4-1 Info: multicol was not loaded (OK!) on input line 12.
Package translations Info: No language package found. I am going to use `englis
h' as default language. on input line 12.
 (./Nuclotron.aux

LaTeX Warning: Label `eq:deflection' multiply defined.

)
\openout1 = `Nuclotron.aux'.

LaTeX Font Info:    Checking defaults for OML/cmm/m/it on input line 12.
LaTeX Font Info:    ... okay on input line 12.
LaTeX Font Info:    Checking defaults for OMS/cmsy/m/n on input line 12.
LaTeX Font Info:    ... okay on input line 12.
LaTeX Font Info:    Checking defaults for OT1/cmr/m/n on input line 12.
LaTeX Font Info:    ... okay on input line 12.
LaTeX Font Info:    Checking defaults for T1/cmr/m/n on input line 12.
LaTeX Font Info:    ... okay on input line 12.
LaTeX Font Info:    Checking defaults for TS1/cmr/m/n on input line 12.
LaTeX Font Info:    ... okay on input line 12.
LaTeX Font Info:    Checking defaults for TU/lmr/m/n on input line 12.
LaTeX Font Info:    ... okay on input line 12.
LaTeX Font Info:    Checking defaults for OMX/cmex/m/n on input line 12.
LaTeX Font Info:    ... okay on input line 12.
LaTeX Font Info:    Checking defaults for U/cmr/m/n on input line 12.
LaTeX Font Info:    ... okay on input line 12.
LaTeX Font Info:    Checking defaults for PD1/pdf/m/n on input line 12.
LaTeX Font Info:    ... okay on input line 12.
LaTeX Font Info:    Checking defaults for PU/pdf/m/n on input line 12.
LaTeX Font Info:    ... okay on input line 12.
LaTeX Font Info:    Checking defaults for C00/song/m/n on input line 12.
LaTeX Font Info:    ... okay on input line 12.
LaTeX Font Info:    Checking defaults for C05/song/m/n on input line 12.
LaTeX Font Info:    ... okay on input line 12.
LaTeX Font Info:    Checking defaults for C09/song/m/n on input line 12.
LaTeX Font Info:    ... okay on input line 12.
LaTeX Font Info:    Checking defaults for C10/song/m/n on input line 12.
LaTeX Font Info:    ... okay on input line 12.
LaTeX Font Info:    Checking defaults for C20/song/m/n on input line 12.
LaTeX Font Info:    ... okay on input line 12.
LaTeX Font Info:    Checking defaults for C19/song/m/n on input line 12.
LaTeX Font Info:    ... okay on input line 12.
LaTeX Font Info:    Checking defaults for C40/song/m/n on input line 12.
LaTeX Font Info:    ... okay on input line 12.
LaTeX Font Info:    Checking defaults for C42/song/m/n on input line 12.
LaTeX Font Info:    ... okay on input line 12.
LaTeX Font Info:    Checking defaults for C43/song/m/n on input line 12.
LaTeX Font Info:    ... okay on input line 12.
LaTeX Font Info:    Checking defaults for C50/song/m/n on input line 12.
LaTeX Font Info:    ... okay on input line 12.
LaTeX Font Info:    Checking defaults for C52/song/m/n on input line 12.
LaTeX Font Info:    ... okay on input line 12.
LaTeX Font Info:    Checking defaults for C49/song/m/n on input line 12.
LaTeX Font Info:    ... okay on input line 12.
LaTeX Font Info:    Checking defaults for C60/mj/m/n on input line 12.
LaTeX Font Info:    ... okay on input line 12.
LaTeX Font Info:    Checking defaults for C61/mj/m/n on input line 12.
LaTeX Font Info:    ... okay on input line 12.
LaTeX Font Info:    Checking defaults for C63/mj/m/n on input line 12.
LaTeX Font Info:    ... okay on input line 12.
LaTeX Font Info:    Checking defaults for C64/mj/m/n on input line 12.
LaTeX Font Info:    ... okay on input line 12.
LaTeX Font Info:    Checking defaults for C65/mj/m/n on input line 12.
LaTeX Font Info:    ... okay on input line 12.
LaTeX Font Info:    Checking defaults for C70/song/m/n on input line 12.
LaTeX Font Info:    ... okay on input line 12.
LaTeX Font Info:    Checking defaults for C31/song/m/n on input line 12.
LaTeX Font Info:    ... okay on input line 12.
LaTeX Font Info:    Checking defaults for C32/song/m/n on input line 12.
LaTeX Font Info:    ... okay on input line 12.
LaTeX Font Info:    Checking defaults for C33/song/m/n on input line 12.
LaTeX Font Info:    ... okay on input line 12.
LaTeX Font Info:    Checking defaults for C34/song/m/n on input line 12.
LaTeX Font Info:    ... okay on input line 12.
LaTeX Font Info:    Checking defaults for C35/song/m/n on input line 12.
LaTeX Font Info:    ... okay on input line 12.
LaTeX Font Info:    Checking defaults for C36/song/m/n on input line 12.
LaTeX Font Info:    ... okay on input line 12.
LaTeX Font Info:    Checking defaults for C37/song/m/n on input line 12.
LaTeX Font Info:    ... okay on input line 12.
LaTeX Font Info:    Checking defaults for C80/song/m/n on input line 12.
LaTeX Font Info:    ... okay on input line 12.
LaTeX Font Info:    Checking defaults for C81/song/m/n on input line 12.
LaTeX Font Info:    ... okay on input line 12.
LaTeX Font Info:    Checking defaults for C01/song/m/n on input line 12.
LaTeX Font Info:    ... okay on input line 12.
LaTeX Font Info:    Checking defaults for C11/song/m/n on input line 12.
LaTeX Font Info:    ... okay on input line 12.
LaTeX Font Info:    Checking defaults for C21/song/m/n on input line 12.
LaTeX Font Info:    ... okay on input line 12.
LaTeX Font Info:    Checking defaults for C41/song/m/n on input line 12.
LaTeX Font Info:    ... okay on input line 12.
LaTeX Font Info:    Checking defaults for C62/song/m/n on input line 12.
LaTeX Font Info:    ... okay on input line 12.


Package siunitx Warning: Detected the "physics" package:
(siunitx)                omitting definition of \qty.
(siunitx)                
(siunitx)                If you want to use \qty with the siunitx definition,
(siunitx)                add 
(siunitx)                
(siunitx)                    \AtBeginDocument{\RenewCommandCopy\qty\SI}
(siunitx)                
(siunitx)                to your preamble.


(c:/texlive/2024/texmf-dist/tex/latex/translations/translations-basic-dictionar
y-english.trsl
File: translations-basic-dictionary-english.trsl (english translation file `tra
nslations-basic-dictionary')
)
Package translations Info: loading dictionary `translations-basic-dictionary' f
or `english'. on input line 12.
Package hyperref Info: Link coloring ON on input line 12.
 (./Nuclotron.out) (./Nuclotron.out)
\@outlinefile=\write4
\openout4 = `Nuclotron.out'.



Package hyperref Warning: Rerun to get /PageLabels entry.

*geometry* driver: auto-detecting
*geometry* detected driver: xetex
*geometry* verbose mode - [ preamble ] result:
* driver: xetex
* paper: a4paper
* layout: <same size as paper>
* layoutoffset:(h,v)=(0.0pt,0.0pt)
* hratio: 1:1
* vratio: 1:1
* modes: twoside asymmetric 
* h-part:(L,W,R)=(45.52441pt, 506.45905pt, 45.52441pt)
* v-part:(T,H,B)=(86.7809pt, 671.48503pt, 86.78091pt)
* \paperwidth=597.50787pt
* \paperheight=845.04684pt
* \textwidth=506.45905pt
* \textheight=671.48503pt
* \oddsidemargin=-26.74557pt
* \evensidemargin=-26.74557pt
* \topmargin=-26.48909pt
* \headheight=25.0pt
* \headsep=16.0pt
* \topskip=10.0pt
* \footskip=30.0pt
* \marginparwidth=107.0pt
* \marginparsep=6.0pt
* \columnsep=18.0pt
* \skip\footins=39.0pt plus 4.0pt minus 12.0pt
* \hoffset=0.0pt
* \voffset=0.0pt
* \mag=1000
* \@twocolumnfalse
* \@twosidetrue
* \@mparswitchfalse
* \@reversemarginfalse
* (1in=72.27pt=25.4mm, 1cm=28.453pt)


Package chemgreek Info: Activating mapping `upgreek' on line 12.

\c@lstlisting=\count352
Class revtex4-1 Info: Overriding lineo.sty, restoring output routine, on input 
line 12.
Class revtex4-1 Info: Line numbering not turned on yet on input line 12.
\openout3 = `NuclotronNotes.bib'.

Class revtex4-1 Info: Overriding \@LN@LLerror on input line 12.

Underfull \vbox (badness 10000) detected at line 15

\vbox(11.5+1.93999)x202.58052
.\hbox(7.16+1.93999)x202.58052, glue set 41.05052fil
..\TU/ptm/m/n/10 QUASI-FROZEN
..\glue 3.33 plus 1.66331 minus 1.1111
..\TU/ptm/m/n/10 SPIN
..\glue 3.33 plus 1.66331 minus 1.1111
..\TU/ptm/m/n/10 FOR
..\glue 3.33 plus 1.66331 minus 1.1111
..\TU/ptm/m/n/10 BOTH
..\glue(\rightskip) 0.0 plus 1.0fil


LaTeX Font Warning: Font shape `TU/ptm/b/n' undefined
(Font)              using `TU/ptm/m/n' instead on input line 48.

LaTeX Font Info:    Trying to load font information for U+msa on input line 48.

(c:/texlive/2024/texmf-dist/tex/latex/amsfonts/umsa.fd
File: umsa.fd 2013/01/14 v3.01 AMS symbols A
)
LaTeX Font Info:    Trying to load font information for U+msb on input line 48.


(c:/texlive/2024/texmf-dist/tex/latex/amsfonts/umsb.fd
File: umsb.fd 2013/01/14 v3.01 AMS symbols B
)

LaTeX Font Warning: Font shape `TU/ptm/m/it' undefined
(Font)              using `TU/ptm/m/n' instead on input line 48.

LaTeX Font Info:    Trying to load font information for TU+phv on input line 50
.
LaTeX Font Info:    No file TUphv.fd. on input line 50.

LaTeX Font Warning: Font shape `TU/phv/m/n' undefined
(Font)              using `TU/lmr/m/n' instead on input line 50.

[1] [2]
Underfull \hbox (badness 1675) in paragraph at lines 212--213
\TU/ptm/m/n/10 direction of spin rotation can depend on the en-

\hbox(7.05+1.93999)x244.22952, glue set 2.56003
.\TU/ptm/m/n/10 direction
.\glue 3.33 plus 1.665 minus 1.11
.\TU/ptm/m/n/10 of
.\glue 3.33 plus 1.665 minus 1.11
.\TU/ptm/m/n/10 spin
.\glue 3.33 plus 1.665 minus 1.11
.\TU/ptm/m/n/10 rotation
.\glue 3.33 plus 1.665 minus 1.11
.\TU/ptm/m/n/10 can
.\glue 3.33 plus 1.665 minus 1.11
.\TU/ptm/m/n/10 depend
.\glue 3.33 plus 1.665 minus 1.11
.\TU/ptm/m/n/10 on
.\glue 3.33 plus 1.665 minus 1.11
.\TU/ptm/m/n/10 the
.\glue 3.33 plus 1.665 minus 1.11
.\TU/ptm/m/n/10 en-
.\glue(\rightskip) 0.0


Underfull \hbox (badness 10000) in paragraph at lines 212--213


\hbox(0.0+0.0)x244.22952
.\glue(\rightskip) 0.0

File: spin-tune_ratio.png Graphic file (type bmp)
<spin-tune_ratio.png>
File: total_length.png Graphic file (type bmp)
<total_length.png>

LaTeX Warning: `!h' float specifier changed to `!ht'.

[3]

LaTeX Warning: A float is stuck (cannot be placed); try class option [floatfix]
 on input line 235.

File: wien-filter_deuteron.png Graphic file (type bmp)
<wien-filter_deuteron.png>
File: wien-filter_proton.png Graphic file (type bmp)
<wien-filter_proton.png>

LaTeX Warning: `!h' float specifier changed to `!ht'.

File: el-def_deuteron.png Graphic file (type bmp)
<el-def_deuteron.png>
[4]
Underfull \hbox (badness 4013) in paragraph at lines 277--278
 []\TU/ptm/b/n/9 T.Chupp, P.Fierlinger, M.Ramsey-Musolf, J.Singh,

\hbox(6.75+2.24998)x244.22952, glue set 3.42574
.\glue(\leftskip) 18.40001
.\hbox(6.75+2.24998)x0.0
..\glue 0.0
..\glue -14.40001
..\glue -4.0
..\hbox(6.75+2.24998)x14.40001, glue set 2.313fil
...\special{color push  Black}
...\glue 0.0 plus 1.0fil
...\glue 0.0 plus 1.0fil
...\penalty 10000
...\hbox(0.0+0.0)x0.0
....\hbox(0.0+0.0)x0.0, shifted -10.5
.....\special{pdf:dest (cite.EDM) [@thispage /XYZ @xpos @ypos null]}
.....\penalty 10000
...\TU/ptm/b/n/9 [1]
...\special{color pop}
..\glue 4.0
.\penalty 0
.\TU/ptm/b/n/9 T.Chupp,
.\glue 3.087 plus 1.92937 minus 0.82318
.\TU/ptm/b/n/9 P.Fierlinger,
.\glue 3.087 plus 1.92937 minus 0.82318
.\TU/ptm/b/n/9 M.Ramsey-Musolf,
.\glue 3.087 plus 1.92937 minus 0.82318
.\TU/ptm/b/n/9 J.Singh,
.\glue(\rightskip) 0.0


Underfull \hbox (badness 10000) in paragraph at lines 278--281
 []\TU/ptm/b/n/9 S.N.Vergeles, N.N.Nikolaev, Yu.N.Obukhov,

\hbox(6.75+2.24998)x244.22952, glue set 12.34796
.\glue(\leftskip) 18.40001
.\hbox(6.75+2.24998)x0.0
..\glue 0.0
..\glue -14.40001
..\glue -4.0
..\hbox(6.75+2.24998)x14.40001, glue set 2.313fil
...\special{color push  Black}
...\glue 0.0 plus 1.0fil
...\glue 0.0 plus 1.0fil
...\penalty 10000
...\hbox(0.0+0.0)x0.0
....\hbox(0.0+0.0)x0.0, shifted -10.5
.....\special{pdf:dest (cite.prec) [@thispage /XYZ @xpos @ypos null]}
.....\penalty 10000
...\TU/ptm/b/n/9 [2]
...\special{color pop}
..\glue 4.0
.\penalty 0
.\TU/ptm/b/n/9 S.N.Vergeles,
.\glue 3.087 plus 1.92937 minus 0.82318
.\TU/ptm/b/n/9 N.N.Nikolaev,
.\glue 3.087 plus 1.92937 minus 0.82318
.\TU/ptm/b/n/9 Yu.N.Obukhov,
.\glue(\rightskip) 0.0


Underfull \hbox (badness 2310) in paragraph at lines 278--281
 \TU/ptm/b/n/9 in precision spin experimental tests of fundamen-

\hbox(6.345+1.74599)x244.22952, glue set 2.8505
.\glue(\leftskip) 18.40001
.\TU/ptm/b/n/9 in
.\glue 3.087 plus 1.5435 minus 1.02899
.\TU/ptm/b/n/9 precision
.\glue 3.087 plus 1.5435 minus 1.02899
.\TU/ptm/b/n/9 spin
.\glue 3.087 plus 1.5435 minus 1.02899
.\TU/ptm/b/n/9 experimental
.\glue 3.087 plus 1.5435 minus 1.02899
.\TU/ptm/b/n/9 tests
.\glue 3.087 plus 1.5435 minus 1.02899
.\TU/ptm/b/n/9 of
.\glue 3.087 plus 1.5435 minus 1.02899
.\TU/ptm/b/n/9 fundamen-
.\glue(\rightskip) 0.0


Underfull \hbox (badness 7415) in paragraph at lines 283--285
 []\TU/ptm/b/n/9 V.Anastassopoulos et al., A Storage Ring Ex-

\hbox(6.75+2.24998)x244.22952, glue set 4.20374
.\glue(\leftskip) 18.40001
.\hbox(6.75+2.24998)x0.0
..\glue 0.0
..\glue -14.40001
..\glue -4.0
..\hbox(6.75+2.24998)x14.40001, glue set 2.313fil
...\special{color push  Black}
...\glue 0.0 plus 1.0fil
...\glue 0.0 plus 1.0fil
...\penalty 10000
...\hbox(0.0+0.0)x0.0
....\hbox(0.0+0.0)x0.0, shifted -10.5
.....\special{pdf:dest (cite.BNL) [@thispage /XYZ @xpos @ypos null]}
.....\penalty 10000
...\TU/ptm/b/n/9 [5]
...\special{color pop}
..\glue 4.0
.\penalty 0
.\TU/ptm/b/n/9 V.Anastassopoulos
.\glue 3.087 plus 1.5435 minus 1.02899
.\TU/ptm/b/n/9 et
.\glue 3.087 plus 1.5435 minus 1.02899
.\TU/ptm/b/n/9 al.,
.\glue 3.087 plus 1.92937 minus 0.82318
.\TU/ptm/b/n/9 A
.\glue 3.087 plus 1.54195 minus 1.03001
.\TU/ptm/b/n/9 Storage
.\glue 3.087 plus 1.5435 minus 1.02899
.\TU/ptm/b/n/9 Ring
.\glue 3.087 plus 1.5435 minus 1.02899
.\TU/ptm/b/n/9 Ex-
.\glue(\rightskip) 0.0


Underfull \hbox (badness 10000) in paragraph at lines 283--285
 \TU/ptm/b/n/9 periment to Detect a Proton Electric Dipole

\hbox(6.246+1.74599)x244.22952, glue set 5.03223
.\glue(\leftskip) 18.40001
.\TU/ptm/b/n/9 periment
.\glue 3.087 plus 1.5435 minus 1.02899
.\TU/ptm/b/n/9 to
.\glue 3.087 plus 1.5435 minus 1.02899
.\TU/ptm/b/n/9 Detect
.\glue 3.087 plus 1.5435 minus 1.02899
.\TU/ptm/b/n/9 a
.\glue 3.087 plus 1.5435 minus 1.02899
.\TU/ptm/b/n/9 Proton
.\glue 3.087 plus 1.5435 minus 1.02899
.\TU/ptm/b/n/9 Electric
.\glue 3.087 plus 1.5435 minus 1.02899
.\TU/ptm/b/n/9 Dipole
.\glue(\rightskip) 0.0


Underfull \hbox (badness 10000) in paragraph at lines 283--285
 \TU/ptm/b/n/9 Moment. Rev.Sci.Instrum. 87, 115116 (2016).

\hbox(6.75+2.24098)x244.22952, glue set 6.42108
.\glue(\leftskip) 18.40001
.\TU/ptm/b/n/9 Moment.
.\glue 3.087 plus 1.5435 minus 1.02899
.\TU/ptm/b/n/9 Rev.Sci.Instrum.
.\kern 0.0
.\glue 3.087 plus 1.5435 minus 1.02899
.\TU/ptm/b/n/9 87,
.\glue 3.087 plus 1.92937 minus 0.82318
.\TU/ptm/b/n/9 115116
.\glue 3.087 plus 1.5435 minus 1.02899
.\TU/ptm/b/n/9 (2016).
.\glue(\rightskip) 0.0


Underfull \hbox (badness 3977) in paragraph at lines 286--287
 \TU/ptm/b/n/9 certainties in Search for an EDM in the Stor-

\hbox(6.345+0.19798)x244.22952, glue set 3.416
.\glue(\leftskip) 18.40001
.\TU/ptm/b/n/9 certainties
.\glue 3.087 plus 1.5435 minus 1.02899
.\TU/ptm/b/n/9 in
.\glue 3.087 plus 1.5435 minus 1.02899
.\TU/ptm/b/n/9 Search
.\glue 3.087 plus 1.5435 minus 1.02899
.\TU/ptm/b/n/9 for
.\glue 3.087 plus 1.5435 minus 1.02899
.\TU/ptm/b/n/9 an
.\glue 3.087 plus 1.5435 minus 1.02899
.\TU/ptm/b/n/9 EDM
.\glue 3.087 plus 1.54195 minus 1.03001
.\TU/ptm/b/n/9 in
.\glue 3.087 plus 1.5435 minus 1.02899
.\TU/ptm/b/n/9 the
.\glue 3.087 plus 1.5435 minus 1.02899
.\TU/ptm/b/n/9 Stor-
.\glue(\rightskip) 0.0


Underfull \hbox (badness 6412) in paragraph at lines 286--287
 \TU/ptm/b/n/9 age Ring. Acta Phys. Pol. B 51, 373 (2020)

\hbox(6.75+2.24098)x244.22952, glue set 4.0059
.\glue(\leftskip) 18.40001
.\TU/ptm/b/n/9 age
.\glue 3.087 plus 1.5435 minus 1.02899
.\TU/ptm/b/n/9 Ring.
.\glue 3.087 plus 1.5435 minus 1.02899
.\TU/ptm/b/n/9 Acta
.\glue 3.087 plus 1.5435 minus 1.02899
.\TU/ptm/b/n/9 Phys.
.\glue 3.087 plus 1.5435 minus 1.02899
.\TU/ptm/b/n/9 Pol.
.\glue 3.087 plus 1.5435 minus 1.02899
.\TU/ptm/b/n/9 B
.\kern 0.0
.\glue 3.087 plus 1.54195 minus 1.03001
.\TU/ptm/b/n/9 51,
.\glue 3.087 plus 1.92937 minus 0.82318
.\TU/ptm/b/n/9 373
.\glue 3.087 plus 1.5435 minus 1.02899
.\TU/ptm/b/n/9 (2020)
.\glue(\rightskip) 0.0


Underfull \hbox (badness 1946) in paragraph at lines 287--288
 []\TU/ptm/b/n/9 M.W.Mcnaughton el al., THE P C ANALYZING

\hbox(6.75+2.24998)x244.22952, glue set 2.69113
.\glue(\leftskip) 18.40001
.\hbox(6.75+2.24998)x0.0
..\glue 0.0
..\glue -14.40001
..\glue -4.0
..\hbox(6.75+2.24998)x14.40001, glue set 2.313fil
...\special{color push  Black}
...\glue 0.0 plus 1.0fil
...\glue 0.0 plus 1.0fil
...\penalty 10000
...\hbox(0.0+0.0)x0.0
....\hbox(0.0+0.0)x0.0, shifted -10.5
.....\special{pdf:dest (cite.Pol) [@thispage /XYZ @xpos @ypos null]}
.....\penalty 10000
...\TU/ptm/b/n/9 [8]
...\special{color pop}
..\glue 4.0
.\penalty 0
.\TU/ptm/b/n/9 M.W.Mcnaughton
.\glue 3.087 plus 1.5435 minus 1.02899
.\TU/ptm/b/n/9 el
.\glue 3.087 plus 1.5435 minus 1.02899
.\TU/ptm/b/n/9 al.,
.\glue 3.087 plus 1.92937 minus 0.82318
.\TU/ptm/b/n/9 THE
.\glue 3.087 plus 1.54195 minus 1.03001
.\TU/ptm/b/n/9 P
.\glue 3.087 plus 1.54195 minus 1.03001
.\TU/ptm/b/n/9 C
.\glue 3.087 plus 1.54195 minus 1.03001
.\TU/ptm/b/n/9 ANALYZING
.\glue(\rightskip) 0.0


Underfull \hbox (badness 2213) in paragraph at lines 288--289
 \TU/ptm/b/n/9 tor analyzing powers in the kinetic energy range

\hbox(6.246+1.85399)x244.22952, glue set 2.8098
.\glue(\leftskip) 18.40001
.\TU/ptm/b/n/9 tor
.\glue 3.087 plus 1.5435 minus 1.02899
.\TU/ptm/b/n/9 analyzing
.\glue 3.087 plus 1.5435 minus 1.02899
.\TU/ptm/b/n/9 powers
.\glue 3.087 plus 1.5435 minus 1.02899
.\TU/ptm/b/n/9 in
.\glue 3.087 plus 1.5435 minus 1.02899
.\TU/ptm/b/n/9 the
.\glue 3.087 plus 1.5435 minus 1.02899
.\TU/ptm/b/n/9 kinetic
.\glue 3.087 plus 1.5435 minus 1.02899
.\TU/ptm/b/n/9 energy
.\glue 3.087 plus 1.5435 minus 1.02899
.\TU/ptm/b/n/9 range
.\glue(\rightskip) 0.0


Underfull \hbox (badness 3954) in paragraph at lines 288--289
 \TU/ptm/b/n/9 170-380 MeV. Eur. Phys J. A 58, 211 (2020).

\hbox(6.75+2.24098)x244.22952, glue set 3.4086
.\glue(\leftskip) 18.40001
.\TU/ptm/b/n/9 170-380
.\glue 3.087 plus 1.5435 minus 1.02899
.\TU/ptm/b/n/9 MeV.
.\glue 3.087 plus 1.5435 minus 1.02899
.\TU/ptm/b/n/9 Eur.
.\glue 3.087 plus 1.5435 minus 1.02899
.\TU/ptm/b/n/9 Phys
.\glue 3.087 plus 1.5435 minus 1.02899
.\TU/ptm/b/n/9 J.
.\glue 3.087 plus 1.5435 minus 1.02899
.\TU/ptm/b/n/9 A
.\kern 0.0
.\glue 3.087 plus 1.54195 minus 1.03001
.\TU/ptm/b/n/9 58,
.\glue 3.087 plus 1.92937 minus 0.82318
.\TU/ptm/b/n/9 211
.\glue 3.087 plus 1.5435 minus 1.02899
.\TU/ptm/b/n/9 (2020).
.\glue(\rightskip) 0.0


Underfull \hbox (badness 1661) in paragraph at lines 289--290
 \TU/ptm/b/n/9 Nuclei. Phys. Atom. Nuclei 86, 2434–2438 (2023).

\hbox(6.75+2.24098)x244.22952, glue set 2.55455
.\glue(\leftskip) 18.40001
.\TU/ptm/b/n/9 Nuclei.
.\glue 3.087 plus 1.5435 minus 1.02899
.\TU/ptm/b/n/9 Phys.
.\glue 3.087 plus 1.5435 minus 1.02899
.\TU/ptm/b/n/9 Atom.
.\glue 3.087 plus 1.5435 minus 1.02899
.\TU/ptm/b/n/9 Nuclei
.\kern 0.0
.\glue 3.087 plus 1.5435 minus 1.02899
.\TU/ptm/b/n/9 86,
.\glue 3.087 plus 1.92937 minus 0.82318
.\TU/ptm/b/n/9 2434–2438
.\glue 3.087 plus 1.5435 minus 1.02899
.\TU/ptm/b/n/9 (2023).
.\glue(\rightskip) 0.0


Underfull \hbox (badness 2245) in paragraph at lines 290--291
 []\TU/ptm/b/n/9 A.J.Silenko, Relativistic spin dynamics conditioned

\hbox(6.75+2.24998)x244.22952, glue set 2.82239
.\glue(\leftskip) 18.40001
.\hbox(6.75+2.24998)x0.0
..\glue 0.0
..\glue -14.40001
..\glue -4.0
..\hbox(6.75+2.24998)x14.40001, glue set 0.00002fil
...\special{color push  Black}
...\glue 0.0 plus 1.0fil
...\glue 0.0 plus 1.0fil
...\penalty 10000
...\hbox(0.0+0.0)x0.0
....\hbox(0.0+0.0)x0.0, shifted -10.5
.....\special{pdf:dest (cite.axion) [@thispage /XYZ @xpos @ypos null]}
.....\penalty 10000
...\TU/ptm/b/n/9 [11]
...\special{color pop}
..\glue 4.0
.\penalty 0
.\TU/ptm/b/n/9 A.J.Silenko,
.\glue 3.087 plus 1.92937 minus 0.82318
.\TU/ptm/b/n/9 Relativistic
.\glue 3.087 plus 1.5435 minus 1.02899
.\TU/ptm/b/n/9 spin
.\glue 3.087 plus 1.5435 minus 1.02899
.\TU/ptm/b/n/9 dynamics
.\glue 3.087 plus 1.5435 minus 1.02899
.\TU/ptm/b/n/9 conditioned
.\glue(\rightskip) 0.0

No file Nuclotron.bbl.
[5] (./Nuclotron.aux)
 ***********
LaTeX2e <2024-11-01> patch level 2
L3 programming layer <2025-01-18>
 ***********


LaTeX Font Warning: Some font shapes were not available, defaults substituted.


LaTeX Warning: There were multiply-defined labels.

Package rerunfilecheck Info: File `Nuclotron.out' has not changed.
(rerunfilecheck)             Checksum: E05B250BB97BF74F4CA25F6294A51187;2664.
 ) 
Here is how much of TeX's memory you used:
 20803 strings out of 473839
 378910 string characters out of 5733380
 823964 words of memory out of 5000000
 43619 multiletter control sequences out of 15000+600000
 567295 words of font info for 76 fonts, out of 8000000 for 9000
 1348 hyphenation exceptions out of 8191
 88i,12n,94p,1087b,1011s stack positions out of 10000i,1000n,20000p,200000b,200000s

Output written on Nuclotron.pdf (5 pages).
